C:\Users\anily\Desktop\doctor\src\main\java\com\doctor\controller\PatientController.java
C:\Users\anily\Desktop\doctor\src\main\java\com\doctor\enums\Speciality.java
C:\Users\anily\Desktop\doctor\src\main\java\com\doctor\DemoApplication.java
C:\Users\anily\Desktop\doctor\src\main\java\com\doctor\DoctorPlatformApplication.java
C:\Users\anily\Desktop\doctor\src\main\java\com\doctor\service\DoctorService.java
C:\Users\anily\Desktop\doctor\src\main\java\com\doctor\repository\PatientRepository.java
C:\Users\anily\Desktop\doctor\src\main\java\com\doctor\SimpleDemoApplication.java
C:\Users\anily\Desktop\doctor\src\main\java\com\doctor\repository\DoctorRepository.java
C:\Users\anily\Desktop\doctor\src\main\java\com\doctor\entity\Doctor.java
C:\Users\anily\Desktop\doctor\src\main\java\com\doctor\entity\SimpleDoctor.java
C:\Users\anily\Desktop\doctor\src\main\java\com\doctor\controller\DoctorSuggestionController.java
C:\Users\anily\Desktop\doctor\src\main\java\com\doctor\entity\SimplePatient.java
C:\Users\anily\Desktop\doctor\src\main\java\com\doctor\enums\DoctorCity.java
C:\Users\anily\Desktop\doctor\src\main\java\com\doctor\entity\Patient.java
C:\Users\anily\Desktop\doctor\src\main\java\com\doctor\SimpleHttpServer.java
C:\Users\anily\Desktop\doctor\src\main\java\com\doctor\service\SymptomSpecialityService.java
C:\Users\anily\Desktop\doctor\src\main\java\com\doctor\controller\DoctorController.java
C:\Users\anily\Desktop\doctor\src\main\java\com\doctor\service\PatientService.java
